
OpenSBI v0.4 (Jul  2 2019 11:53:53)
   ____                    _____ ____ _____
  / __ \                  / ____|  _ \_   _|
 | |  | |_ __   ___ _ __ | (___ | |_) || |
 | |  | | '_ \ / _ \ '_ \ \___ \|  _ < | |
 | |__| | |_) |  __/ | | |____) | |_) || |_
  \____/| .__/ \___|_| |_|_____/|____/_____|
        | |
        |_|

Platform Name          : QEMU Virt Machine
Platform HART Features : RV64ACDFIMSU
Platform Max HARTs     : 8
Current Hart           : 0
Firmware Base          : 0x80000000
Firmware Size          : 112 KB
Runtime SBI Version    : 0.1

PMP0: 0x0000000080000000-0x000000008001ffff (A)
PMP1: 0x0000000000000000-0xffffffffffffffff (A,R,W,X)
(THU.CST) os is loading ...

Special kernel symbols:
  entry  0xc0200032 (virtual)
  etext  0xc0205924 (virtual)
  edata  0xc02c2710 (virtual)
  end    0xc02c6be0 (virtual)
Kernel executable memory footprint: 795KB
memory management: default_pmm_manager
physcial memory map:
  memory: 0x07e00000, [0x80200000, 0x87ffffff].
vapaofset is 18446744070488326144
check_alloc_page() succeeded!
check_pgdir() succeeded!
check_boot_pgdir() succeeded!
use SLOB allocator
kmalloc_init() succeeded!
check_vma_struct() succeeded!
check_vmm() succeeded.
sched class: stride_scheduler
++ setup timer interrupts
kernel_execve: pid = 2, name = "priority".
Breakpoint
set priority to 6
main: fork ok,now need to wait pids.
set priority to 5
set priority to 4
set priority to 3
set priority to 2
set priority to 1
child pid 3, acc 652000, time 2010
child pid 7, acc 2044000, time 2010
child pid 6, acc 1744000, time 2020
child pid 5, acc 1384000, time 2030
child pid 4, acc 1044000, time 2030
main: pid 3, acc 652000, time 2040
main: pid 4, acc 1044000, time 2040
main: pid 5, acc 1384000, time 2050
main: pid 6, acc 1744000, time 2050
main: pid 0, acc 2044000, time 2060
main: wait pids over
stride sched correct result: 1 2 2 3 3
all user-mode processes have quit.
init check memory pass.
kernel panic at kern/process/proc.c:518:
    initproc exit.

